---
source: apollo-router/src/plugins/telemetry/metrics/apollo.rs
assertion_line: 322
expression: results
---
[
  {
    "stats": {},
    "operation_count": 1
  }
]
